33f80000 T _start
33f80020 t _undefined_instruction
33f80024 t _software_interrupt
33f80028 t _prefetch_abort
33f8002c t _data_abort
33f80030 t _not_used
33f80034 t _irq
33f80038 t _fiq
33f80040 t _TEXT_BASE
33f80044 T _armboot_start
33f80048 T _bss_start
33f8004c T _bss_end
33f80050 t reset
33f80110 t copy_myself
33f80110 t relocate
33f80170 t ok_nand_read
33f8017c t go_next
33f80198 t notmatch
33f8019c t done_nand_read
33f8019c t stack_setup
33f801ac t clear_bss
33f801b8 t clbss_l
33f801cc t _start_armboot
33f801d0 t cpu_init_crit
33f80220 t undefined_instruction
33f80280 t software_interrupt
33f802e0 t prefetch_abort
33f80340 t data_abort
33f803a0 t not_used
33f80400 t irq
33f80460 t fiq
33f80500 T wait_idle
33f80514 T nand_read_ll
33f80644 t _TEXT_BASE
33f80648 T lowlevel_init
33f80674 t SMRDATA
33f806a8 T enable_interrupts
33f806ac T disable_interrupts
33f806b4 T show_regs
33f807f4 T bad_mode
33f80810 T do_irq
33f80834 T do_fiq
33f80858 T do_not_used
33f8087c T do_data_abort
33f808a0 T do_prefetch_abort
33f808c4 T do_software_interrupt
33f808e8 T do_undefined_instruction
33f8090c t READ_TIMER
33f80920 T set_timer
33f80930 T reset_timer_masked
33f80950 T reset_timer
33f80954 T get_timer_masked
33f8099c T get_timer
33f809b0 T udelay
33f80a08 T udelay_masked
33f80a7c T get_ticks
33f80a90 T get_tbclk
33f80a9c T reset_cpu
33f80abc T interrupt_init
33f80b1c t get_PLLCLK
33f80b74 T get_UCLK
33f80b7c T get_FCLK
33f80b84 T get_HCLK
33f80c30 T get_PCLK
33f80c58 T sbrk
33f80c8c T hang
33f80c9c t display_dram_config
33f80ccc t display_banner
33f80cec t init_baudrate
33f80d48 T start_armboot
33f80f44 t __fswab16
33f80f58 t __fswab32
33f80f78 t startAgainTimeout
33f80f8c t startAgainHandler
33f80f90 T NetSetHandler
33f80fa0 T NetCksum
33f80fe8 T NetCksumOk
33f8100c T copy_filename
33f81064 T string_to_VLAN
33f810b0 T getenv_VLAN
33f810c0 T string_to_ip
33f81124 T getenv_IPaddr
33f81134 T NetEthHdrSize
33f81178 T VLAN_to_string
33f811d0 T ip_to_string
33f81210 T print_IPaddr
33f8122c t NetCopyIP
33f81234 T NetSetIP
33f81334 T NetSetEther
33f813e8 t NetReadIP
33f81404 t PingHandler
33f8142c t NetWriteIP
33f81448 T NetSendPacket
33f8144c T ArpRequest
33f81538 T NetReceive
33f81a00 T PingSend
33f81b3c T NetSetTimeout
33f81b6c T NetSendUDPPacket
33f81ca8 T NetStartAgain
33f81d24 T ArpTimeoutCheck
33f81d98 t PingTimeout
33f81db4 T NetLoop
33f821a0 t __fswab16
33f821b4 t TftpSend
33f82314 T TftpStart
33f8250c t TftpTimeout
33f82568 t TftpHandler
33f8279c t __fswab16
33f827b0 t __fswab32
33f827d0 t truncate_sz
33f82804 t NetWriteIP
33f82820 t NetCopyIP
33f82828 t NetReadLong
33f82844 T BootpRequest
33f82a48 t BootpHandler
33f82d70 t BootpTimeout
33f82db8 T RarpRequest
33f82ec0 t RarpHandler
33f82f1c t RarpTimeout
33f82f64 T eth_initialize
33f82f6c t __fswab32
33f82f8c t NfsTimeout
33f82fb0 t basename
33f82fec t dirname
33f83008 t rpc_add_credentials
33f830e0 t rpc_lookup_reply
33f83180 t nfs_mount_reply
33f8321c t nfs_umountall_reply
33f8329c t nfs_lookup_reply
33f83330 t rpc_req
33f83438 t rpc_lookup_req
33f8349c t nfs_mount_req
33f8352c t nfs_umountall_req
33f83584 t nfs_lookup_req
33f83628 t nfs_read_req
33f836a8 t nfs_readlink_req
33f83700 t NfsSend
33f83794 T NfsStart
33f839cc t nfs_readlink_reply
33f83ac0 t nfs_read_reply
33f83bfc t NfsHandler
33f83ddc t get_reg_init_bus
33f83e3c t get_reg
33f83e58 t put_reg
33f83e74 t eth_reginit
33f83ec8 T eth_halt
33f83ee8 t cs8900_e2prom_ready
33f83f04 T cs8900_e2prom_read
33f83f38 T cs8900_e2prom_write
33f83f8c t eth_reset
33f83ff0 T eth_send
33f840b8 T eth_rx
33f8414c T eth_init
33f841cc T cs8900_get_enetaddr
33f8439c T nand_init
33f84428 t generic_ffs
33f84480 t nand_release_device
33f84498 t nand_read_byte
33f844a8 t nand_write_byte
33f844b8 t nand_read_byte16
33f844cc t nand_write_byte16
33f844dc t nand_read_word
33f844ec t nand_write_word
33f844fc t nand_write_buf
33f84530 t nand_read_buf
33f84558 t nand_verify_buf
33f845a0 t nand_write_buf16
33f845d8 t nand_read_buf16
33f84610 t nand_verify_buf16
33f8465c t nand_block_bad
33f84750 t nand_check_wp
33f8478c t nand_write_oob
33f84938 t single_erase_cmd
33f84974 t multi_erase_cmd
33f84a00 t nand_sync
33f84a04 T nand_release
33f84a40 T nand_scan
33f85340 t nand_prepare_oobbuf
33f85420 t nand_write_ecc
33f85944 t nand_write
33f85978 t nand_block_checkbad
33f859b8 t nand_block_isbad
33f859f4 t nand_block_markbad
33f85a30 T nand_erase_nand
33f85c20 t nand_erase
33f85c28 t nand_read_oob
33f85e0c t nand_command_lp
33f8602c t nand_command
33f8621c T nand_read_raw
33f86388 t nand_read_ecc
33f86a00 t nand_read
33f86a34 t nand_default_block_markbad
33f86ae8 t nand_select_chip
33f86b4c t nand_wait
33f86c28 T nand_calculate_ecc
33f86d38 T nand_correct_data
33f86ec8 t check_pattern
33f86f80 T nand_isbad_bbt
33f86fd0 t read_bbt
33f871e0 t read_abs_bbt
33f872ac t write_bbt
33f87934 T nand_update_bbt
33f87a88 t mark_bbt_region
33f87bfc t create_bbt
33f87da0 t search_bbt
33f87fa4 T nand_scan_bbt
33f883e8 T nand_default_bbt
33f884ac T run_command
33f888fc t delete_char
33f889d8 T readline
33f88bac T main_loop
33f88d10 T do_go
33f88d94 t __fswab32
33f88db4 T gunzip
33f88f0c t zfree
33f88f14 t zalloc
33f88f24 T print_image_hdr
33f89320 T do_bootm
33f89844 t cnvrt2
33f89888 T mk_date
33f89a58 T do_date
33f89b6c t __list_add
33f89b80 t list_add_tail
33f89b8c t list_del
33f89bac t list_empty
33f89bc0 t device_find
33f89c10 t jffs2_part_info
33f89c98 t part_validate
33f89dc0 t index_partitions
33f89e7c t memsize_format
33f89ed8 t current_save
33f89f74 t part_sort_add
33f8a098 t part_delall
33f8a0d0 t device_delall
33f8a124 t devices_init
33f8a14c t device_del
33f8a1b0 t memsize_parse
33f8a218 t device_parse
33f8a6bc T id_parse
33f8a7a0 T find_dev_and_part
33f8a940 t generate_mtdparts_save
33f8ac3c T mtdparts_init
33f8b23c T do_jffs2_mtdparts
33f8b7a4 T do_jffs2_mtdparts_akaeyukeban
33f8b7ec T do_jffs2_chpart
33f8b8a4 T do_jffs2_fsinfo
33f8b930 T do_jffs2_ls
33f8b9a8 T do_jffs2_fsload
33f8bb28 T build_linux_mtdoption
33f8bc78 T ktrans
33f8bc98 T chk1
33f8bcc8 t bin_data_init
33f8bce4 t bin_data_char
33f8bd14 T k_data_init
33f8bd34 T k_data_save
33f8bd5c T k_data_restore
33f8bd84 T k_data_char
33f8bdd4 T send_pad
33f8be04 T s1_sendpacket
33f8be30 T handle_send_packet
33f8bff4 T send_nack
33f8c054 T send_ack
33f8c0b4 t load_serial_ymodem
33f8c1f4 t getcxmodem
33f8c214 T do_load_serial_bin
33f8c674 t write_record
33f8c6a8 T do_save_serial
33f8c848 t load_serial
33f8ca6c T do_load_serial
33f8cb48 T do_sleep
33f8cbd8 t __fswab32
33f8cbf8 t nand_read
33f8cc20 t str2long
33f8cc5c t arg_off_size
33f8ce14 t nand_load_image
33f8cf4c T do_nandboot
33f8d160 T do_nand
33f8dca0 T do_ping
33f8dd28 t netboot_common
33f8dfd8 T do_nfs
33f8dfe4 T do_rarpb
33f8dff0 T do_tftpb
33f8dffc T do_bootp
33f8e008 t envmatch
33f8e078 T getenv_r
33f8e138 T do_saveenv
33f8e164 T getenv
33f8e1e0 T _do_setenv
33f8e66c T do_setenv
33f8e6ac T setenv
33f8e6e0 T do_saveenv_yukeban
33f8e7b0 T do_printenv
33f8e954 T find_cmd
33f8e9e8 T do_help
33f8eb90 T do_version
33f8ebb0 t console_setfile
33f8ec54 T fgetc
33f8ec7c T ftstc
33f8eca4 T fputc
33f8eccc T fputs
33f8ecf4 T disable_ctrlc
33f8ed0c T had_ctrlc
33f8ed1c T clear_ctrlc
33f8ed30 T dbg
33f8ed3c T console_init_f
33f8ed4c T getc
33f8ed64 T tstc
33f8ed7c T ctrlc
33f8edcc T putc
33f8ede8 T puts
33f8ee04 T search_device
33f8ee84 T console_assign
33f8ef14 T vprintf
33f8ef40 T printf
33f8ef80 T console_init_r
33f8f174 T fprintf
33f8f1bc T serial_printf
33f8f1fc T devices_done
33f8f218 T device_register
33f8f23c T devices_init
33f8f2fc T malloc_bin_reloc
33f8f334 T malloc_usable_size
33f8f378 T mallopt
33f8f3e4 T malloc_trim
33f8f4b0 T free
33f8f6e0 T cfree
33f8f6e4 T malloc
33f8fcbc T memalign
33f8fdcc T pvalloc
33f8fde4 T valloc
33f8fdf0 T calloc
33f8fed0 T realloc
33f90340 T env_get_char_memory
33f90360 T env_get_addr
33f90380 t env_get_char_init
33f903a0 T env_crc_update
33f903cc T env_relocate
33f9046c t nand_read
33f90494 t nand_write
33f904bc t nand_erase
33f904e8 T env_get_char_spec
33f904f4 T env_init
33f90510 T saveenv
33f90610 T env_relocate_spec
33f907d4 t dummy
33f907d8 T get_version
33f907e0 T jumptable_init
33f90898 T flash_protect
33f90990 T addr2info
33f909d8 T flash_perror
33f90ab8 T flash_write
33f90c1c T GetHandleSize
33f90c24 T ListSetAllocationPolicy
33f90c38 T ListGetPtrToItem
33f90c70 T ListGetDataPtr
33f90c7c T ListGetItemSize
33f90c88 T ListNumItems
33f90c94 T ListGetItems
33f90ce4 T SetHandleSize
33f90d60 T ListInsertItems
33f90f2c T ListInsertItem
33f90f34 T DisposeHandle
33f90f54 T ListDispose
33f90f58 T NewHandle
33f90fb4 T ListCreate
33f91014 t hex1_bin
33f9104c t hex2_bin
33f91080 T srec_decode
33f912f0 T parse_num
33f91418 T xyzModem_error
33f914b4 T xyzModem_stream_close
33f91500 T CYGACC_COMM_IF_PUTC
33f91508 T CYGACC_COMM_IF_GETC_TIMEOUT
33f9155c t xyzModem_flush
33f91584 T xyzModem_stream_terminate
33f9165c t xyzModem_get_hdr
33f918e0 T xyzModem_stream_read
33f91b6c T xyzModem_stream_open
33f91ccc T build_linux_cmdline
33f91f04 T do_myboot
33f920e4 T cyg_crc16
33f9212c T __aeabi_uidiv
33f9212c T __udivsi3
33f9212c t .udivsi3_nodiv0
33f92220 T __aeabi_uidivmod
33f92240 T __aeabi_idiv
33f92240 T __divsi3
33f92248 t .divsi3_nodiv0
33f92368 T __aeabi_idivmod
33f92388 T __aeabi_lasr
33f92388 T __ashrdi3
33f923a4 T __aeabi_llsl
33f923a4 T __ashldi3
33f923c0 W __aeabi_idiv0
33f923c0 W __aeabi_ldiv0
33f923d4 T crc32
33f924e8 T crc32_no_comp
33f925f4 T print_size
33f92690 T display_options
33f926b0 T strcpy
33f926cc T strncpy
33f926f4 T strcat
33f92728 T strncat
33f9278c T strcmp
33f927c4 T strncmp
33f92814 T strchr
33f92840 T strlen
33f92860 T strrchr
33f92898 T strnlen
33f928c0 T strspn
33f92904 T strpbrk
33f92944 T strtok
33f929c4 T strsep
33f929f8 T strswab
33f92a44 T memset
33f92a64 T bcopy
33f92a90 T memcpy
33f92ab4 T memmove
33f92b10 T memcmp
33f92b50 T memscan
33f92b80 T strstr
33f92be4 T memchr
33f92c14 T strdup
33f92c44 t __toupper
33f92c60 T simple_strtoul
33f92d3c T simple_strtol
33f92d64 t skip_atoi
33f92d9c t number
33f93008 T panic
33f93058 T vsprintf
33f9345c T sprintf
33f93484 t falloc
33f934a8 t ffree
33f934ac t inflate_trees_free
33f934e0 t huft_build
33f93ab0 t inflate_trees_fixed
33f93cac t inflate_codes_new
33f93cfc t inflate_codes_free
33f93d1c t inflate_blocks_reset
33f93de8 T inflateEnd
33f93e80 T inflateReset
33f93ee0 T inflateSync
33f93fe0 T inflateInit2
33f94124 T inflateInit
33f9412c T adler32
33f942a4 T inflateIncomp
33f943d0 t inflate_flush
33f9454c T inflate
33f961b0 t delay
33f961bc T board_video_init
33f96200 T dram_init
33f96220 T board_init
33f96350 t write_hword
33f96440 T write_buff
33f965b4 T flash_print_info
33f966c0 T flash_erase
33f968b8 T flash_init
33f96998 t read_p15_c1
33f969a0 t write_p15_c1
33f969a8 t cp_delay
33f969d4 T cpu_init
33f969dc T icache_enable
33f969f8 T icache_disable
33f96a14 T icache_status
33f96a28 T dcache_enable
33f96a44 T dcache_disable
33f96a60 T dcache_status
33f96a74 T cleanup_before_linux
33f96a9c T do_reset
33f96ab4 t GetI2CSDA
33f96ac8 t SetI2CSCL
33f96ae4 t IsACK
33f96af8 t ReadWriteByte
33f96b0c t WaitForXfer
33f96b54 t i2c_transfer
33f96e3c T i2c_write
33f96ecc T i2c_read
33f96f64 T i2c_probe
33f96fa0 T i2c_init
33f970f4 t S3C24X0_GetBase_UART
33f97100 T serial_getc
33f97120 T hwflow_onoff
33f97154 T serial_putc
33f971a4 T serial_tstc
33f971bc T serial_puts
33f971e4 T serial_setbrg
33f9723c T serial_init
33f9724c t s3c2410_hwcontrol
33f972bc t s3c2410_dev_ready
33f972cc T board_nand_init
33f97334 t __fswab32
33f97354 T do_bootm_linux
33f97754 T flush_cache
33f97758 T __aeabi_unwind_cpp_pr0
33f9775c T raise
33f97760 T cramfs_check
33f977c8 t cramfs_read_super
33f978f8 T cramfs_info
33f979cc t cramfs_resolve
33f97af0 t cramfs_uncompress
33f97b98 t cramfs_list_inode
33f97cec T cramfs_ls
33f97e4c T cramfs_load
33f97f20 T cramfs_uncompress_exit
33f97f38 T cramfs_uncompress_init
33f97f94 t zfree
33f97f9c t zalloc
33f97fac T cramfs_uncompress_block
33f97ff8 T mkmodestr
33f98114 t insert_node
33f981cc t put_fl_mem
33f981f0 t free_nodes
33f98218 T jffs2_free_cache
33f98244 t get_fl_mem_nand
33f98404 t get_node_mem
33f984b4 t get_fl_mem
33f984f8 T jffs2_1pass_rescan_needed
33f98568 t jffs2_get_list
33f989d4 T jffs2_1pass_info
33f98af0 t jffs2_1pass_find_inode
33f98c70 t jffs2_1pass_search_inode
33f98da4 t jffs2_1pass_read_inode
33f9902c T jffs2_1pass_load
33f992e8 t jffs2_1pass_search_list_inodes
33f9992c T jffs2_1pass_ls
33f99980 T rtime_decompress
33f99a58 T rubin_do_decompress
33f99b4c T dynrubin_decompress
33f99b8c T zlib_decompress
33f99ba4 T cramfs_memset
33f99bc8 T pull_bits
33f99c24 T pull_bit
33f99c58 t read_symbol
33f99ce0 t decompress_huffman
33f99e14 t fill_code_tables
33f99ef0 t init_code_tables
33f99f2c T decompress_block
33f9a4c4 T GregorianDay
33f9a5b8 T to_tm
33f9a6c8 T mktime
33f9a75c t SetRTC_Access
33f9a78c t bcd2bin
33f9a7a0 t bin2bcd
33f9a7d4 T rtc_get
33f9a8d4 T rtc_set
33f9a970 T rtc_reset
33f9a994 t fifo_count_out
33f9a9b0 T udc_irq
33f9a9b4 T udc_setup_ep
33f9aa60 T udc_disable
33f9aa7c T udc_set_nak
33f9aa80 T udc_unset_nak
33f9aa84 T udc_enable
33f9ab10 T udc_startup_events
33f9ab50 t s3c2410_write_noniso_tx_fifo
33f9ac18 T udc_endpoint_write
33f9ac4c T udc_disconnect
33f9ac70 T udc_connect
33f9acac T udc_init
33f9ad00 T s3c2410_udc_irq
33f9b358 t write_buffer
33f9b488 T usbtty_poll
33f9b508 t __usbtty_puts
33f9b578 T usbtty_putc
33f9b5d0 t str2wide
33f9b610 T usbtty_puts
33f9b690 t usbtty_cdc_setup
33f9b6f8 t usbtty_init_endpoints
33f9b744 t usbtty_event_handler
33f9b798 T drv_usbtty_init
33f9bcd0 T usbtty_tstc
33f9bd18 T usbtty_getc
33f9bd84 T usbd_get_string
33f9bdac t usbd_device_configuration_instance
33f9bdd0 T usbd_device_interface_instance
33f9be00 T usbd_device_alternate_instance
33f9be30 T usbd_device_device_descriptor
33f9be38 T usbd_device_configuration_descriptor
33f9be4c T usbd_device_interface_descriptor
33f9be84 T usbd_device_endpoint_descriptor_index
33f9bebc T usbd_device_endpoint_transfersize
33f9bef4 T usbd_device_endpoint_descriptor
33f9bf54 T usbd_endpoint_halted
33f9bf68 T urb_link_init
33f9bf78 T urb_detach
33f9bf9c T first_urb_link
33f9bfc0 T first_urb
33f9bfd4 T first_urb_detached
33f9bfec T urb_append
33f9c01c T usbd_device_event_irq
33f9c130 T usbd_rcv_complete
33f9c1dc T usbd_dealloc_urb
33f9c1e8 T usbd_alloc_urb
33f9c258 T usbd_tx_complete
33f9c30c t ep0_get_one
33f9c324 t copy_config
33f9c384 T ep0_recv_setup
33f9c6d0 t nand_block_bad_scrub
33f9c6d8 T nand_lock
33f9c748 T nand_unlock
33f9c870 T nand_get_lock_status
33f9c8fc T nand_read_opts
33f9cc50 T nand_write_opts
33f9d120 T nand_erase_opts
33f9d484 T buf_pop
33f9d4dc T buf_push
33f9d554 T buf_free
33f9d57c T buf_init
33f9d5b8 T __aeabi_uldivmod
33f9d5f4 T __gnu_uldivmod_helper
33f9d634 T __gnu_ldivmod_helper
33f9d674 T __divdi3
33f9dbfc T __udivdi3
33f9e114 T udc_ctrl
33f9e140 r C.7.1852
33f9e1c0 R version_string
33f9e1f4 r default_nand_name
33f9e1f9 r C.19.2853
33f9e1fb r __FUNCTION__.2703
33f9e20c r nand_ecc_precalc_table
33f9e30c r mtdids_default
33f9e310 r mtdparts_default
33f9e314 r baudrate_table
33f9e328 r crc16_tab
33f9e528 r crc_table
33f9e928 r border
33f9e974 r inflate_mask
33f9e9b8 r l.2903
33f9e9bc r spinner
33f9e9c0 r compr_names
33f9e9dc r year_lengths.1949
33f9e9e4 r mon_lengths.1948
33f9ea44 r day_name.1925
33f9ea59 r mon_name.1926
33f9ea80 r huffman_order
33f9ea94 r C.7.1894
33f9eac4 r ep_fifo_reg
33f9ead8 r __FUNCTION__.2593
33f9eaee r __FUNCTION__.2507
33f9eb00 r __FUNCTION__.2578
33f9eb0f r __clz_tab
33fa45d4 D init_sequence
33fa4600 D NetOurVLAN
33fa4602 D NetBcastAddr
33fa4608 D NetOurNativeVLAN
33fa460c d nfs_offset
33fa4610 D nand_curr_device
33fa4614 d ffchars
33fa4654 d nand_oob_8
33fa471c d nand_oob_16
33fa47e4 d nand_oob_64
33fa48ac D nand_flash_ids
33fa4dbc D nand_manuf_ids
33fa4df4 d bbt_main_descr
33fa4e18 d bbt_mirror_descr
33fa4e3c d agand_flashbased
33fa4e60 d smallpage_flashbased
33fa4e84 d largepage_flashbased
33fa4ea8 d smallpage_memorybased
33fa4ecc d largepage_memorybased
33fa4ef0 d bbt_pattern
33fa4ef4 d mirror_pattern
33fa4ef8 d scan_agand_pattern
33fa4efe d scan_ff_pattern
33fa4f00 d erase_seq
33fa4f04 d tab_seq
33fa4f10 D load_addr
33fa4f14 D weekdays
33fa4f30 d do_echo
33fa4f34 D stdio_names
33fa4f40 d av_
33fa5348 d trim_threshold
33fa534c d mmap_threshold
33fa5350 d sbrk_base
33fa5354 D default_environment
33fa5494 D env_get_char
33fa5498 D default_environment_size
33fa549c D env_name_spec
33fa54a0 D _ctype
33fa55a0 d fixed_left
33fa55a4 d cplens
33fa5620 d cplext
33fa569c d cpdist
33fa5714 d cpdext
33fa578c D zlib_version
33fa5790 D z_errmsg
33fa57b0 D dynpart_size
33fa57c8 D dynpart_names
33fa57e0 d nand_cache_off
33fa57e4 d month_days
33fa5814 d rs232_desc
33fa581b d acm_configuration_descriptors
33fa585e d device_descriptor
33fa5870 d gserial_configuration_descriptors
33fa5897 d wstrLang
33fa589c D maxstrings
33fa58a0 D usbd_device_events
33fa58e4 D usbd_device_states
33fa5904 D usbd_device_requests
33fa5938 D usbd_device_descriptors
33fa595c D usbd_device_status
33fa596c d autoplace_oobinfo
33fa5a34 d jffs2_oobinfo
33fa5afc d yaffs_oobinfo
33fa5bc4 d _GLOBAL_OFFSET_TABLE_
33fa5bd4 A __u_boot_cmd_start
33fa5bd4 D __u_boot_cmd_go
33fa5bec D __u_boot_cmd_reset
33fa5c04 D __u_boot_cmd_bootm
33fa5c1c D __u_boot_cmd_date
33fa5c34 D __u_boot_cmd_fsload
33fa5c4c D __u_boot_cmd_ls
33fa5c64 D __u_boot_cmd_fsinfo
33fa5c7c D __u_boot_cmd_chpart
33fa5c94 D __u_boot_cmd_mtdparts
33fa5cac D __u_boot_cmd_loads
33fa5cc4 D __u_boot_cmd_saves
33fa5cdc D __u_boot_cmd_loadb
33fa5cf4 D __u_boot_cmd_loady
33fa5d0c D __u_boot_cmd_sleep
33fa5d24 D __u_boot_cmd_nand
33fa5d3c D __u_boot_cmd_nboot
33fa5d54 D __u_boot_cmd_bootp
33fa5d6c D __u_boot_cmd_tftpboot
33fa5d84 D __u_boot_cmd_rarpboot
33fa5d9c D __u_boot_cmd_nfs
33fa5db4 D __u_boot_cmd_ping
33fa5dcc D __u_boot_cmd_printenv
33fa5de4 D __u_boot_cmd_setenv
33fa5dfc D __u_boot_cmd_saveenv
33fa5e14 D __u_boot_cmd_ykb
33fa5e2c D __u_boot_cmd_version
33fa5e44 D __u_boot_cmd_help
33fa5e5c D __u_boot_cmd_question_mark
33fa5e74 D __u_boot_cmd_myboot
33fa5e8c A __bss_start
33fa5e8c A __u_boot_cmd_end
33fa5e8c b timestamp
33fa5e90 b lastdec
33fa5e94 B timer_load_val
33fa5e98 b mem_malloc_brk
33fa5e9c b mem_malloc_start
33fa5ea0 b mem_malloc_end
33fa5ea4 B monitor_flash_len
33fa5ea8 B NetState
33fa5eac b packetHandler
33fa5eb0 B NetIPID
33fa5eb4 B NetOurIP
33fa5eb8 B NetOurEther
33fa5ec0 B NetPingIP
33fa5ec4 B NetTxPacket
33fa5ec8 B NetArpWaitPacketIP
33fa5ecc B NetOurSubnetMask
33fa5ed0 B NetOurGatewayIP
33fa5ed4 B NetArpWaitReplyIP
33fa5ed8 B NetRxPkt
33fa5edc B NetRxPktLen
33fa5ee0 B NetArpWaitPacketMAC
33fa5ee4 B NetArpWaitTxPacket
33fa5ee8 B NetArpWaitTxPacketSize
33fa5eec B NetServerIP
33fa5ef0 B NetServerEther
33fa5ef6 b mac.2519
33fa5efc B NetEtherNullAddr
33fa5f02 b PingSeqNo
33fa5f04 B NetArpWaitTry
33fa5f08 B NetArpWaitTimerStart
33fa5f0c b timeHandler
33fa5f10 b timeStart
33fa5f14 b timeDelta
33fa5f18 B PktBuf
33fa7d38 B NetRxPackets
33fa7d48 B NetArpWaitPacketBuf
33fa8368 B NetBootFileXferSize
33fa836c B NetOurDNSIP
33fa8370 B NetOurNISDomain
33fa8390 B NetOurHostName
33fa83b0 B NetOurRootPath
33fa83f0 B NetBootFileSize
33fa83f2 B BootFile
33fa8474 b TftpState
33fa8478 b tftp_filename
33fa847c b TftpBlock
33fa8480 b TftpServerPort
33fa8484 b TftpOurPort
33fa8488 b default_filename
33fa8498 b TftpTimeoutCount
33fa849c b TftpBlockWrap
33fa84a0 b TftpBlockWrapOffset
33fa84a4 b TftpLastBlock
33fa84a8 B BootpTry
33fa84ac B BootpID
33fa84b0 B RarpTry
33fa84b4 b rpc_id
33fa84b8 b NfsSrvMountPort
33fa84bc b NfsSrvNfsPort
33fa84c0 b fs_mounted
33fa84c4 b dirfh
33fa84e4 b filefh
33fa8504 b NfsServerIP
33fa8508 b NfsOurPort
33fa850c b NfsState
33fa8510 b nfs_path
33fa8514 b nfs_filename
33fa8518 b nfs_len
33fa851c b NfsDownloadState
33fa8520 b nfs_path_buff
33fa8d20 b default_filename
33fa8d60 b NfsTimeoutCount
33fa8d64 B nand_info
33fa8eac b nand_chip
33fa8f68 B console_buffer
33fa9068 b lastcommand.1898
33fa9168 B header
33fa91a8 B devices
33fa91b0 b current_dev
33fa91b4 b current_partnum
33fa91b5 b last_partition
33fa91c5 b last_parts
33fa93c8 B mtdids
33fa93d0 b initialized.3207
33fa93d4 b last_ids
33fa9454 b os_data_state
33fa9458 B os_data_count
33fa945c b os_data_addr
33fa9460 b bin_start_address
33fa9464 b k_data_escape
33fa9468 B os_data_init
33fa946c b k_data_escape_saved
33fa9470 b os_data_state_saved
33fa9474 b os_data_count_saved
33fa9478 b os_data_addr_saved
33fa947c B os_data_char
33fa9480 B his_quote
33fa9484 B his_pad_count
33fa9488 B his_pad_char
33fa9489 B his_eol
33fa948c B send_ptr
33fa9490 B send_parms
33fa94a4 b a_b
33fa94bc B os_data_header
33fa94dc b ctrlc_disabled
33fa94e0 b ctrlc_was_pressed
33fa94e4 B devlist
33fa94e8 B stdio_devices
33fa94f4 b top_pad
33fa94f8 b n_mmaps_max
33fa94fc b current_mallinfo
33fa9524 b max_sbrked_mem
33fa9528 b max_total_mem
33fa952c B env_ptr
33fa9530 b xyz
33fa996c b linux_commandline
33faa96c b params
33faa970 B ___strtok
33faa974 b fixed_mem
33faba04 b fixed_lock
33faba08 b fixed_built
33faba0c b fixed_bl
33faba10 b fixed_tl
33faba14 b fixed_bd
33faba18 b fixed_td
33faba1c B flash_info
33faba60 b hwflow
33faba64 b params
33faba68 B super
33fabab4 b stream
33fabae8 b current_part
33fabaec b nand_cache
33fabaf0 b ep0_urb
33fabaf4 b udc_device
33fabaf8 B usbtty_configured_flag
33fabafc b endpoint_instance
33fabc6c b tx_endpoint
33fabc70 b device_instance
33fabca8 b usbtty_output
33fabcc0 b rx_endpoint
33fabcc4 b usbtty_input
33fabcdc b bus_instance
33fabcf8 b serial_number
33fabd08 b ep_descriptor_ptrs
33fabd14 b configuration_descriptor
33fabd18 b interface_count
33fabd1c b usbtty_string_table
33fabd38 b wstrManufacturer
33fabd46 b wstrProduct
33fabd84 b wstrSerial
33fabda4 b wstrConfiguration
33fabdbc b wstrDataInterface
33fabde4 b wstrCtrlInterface
33fabe0c b config_instance
33fabe18 b interface_instance
33fabe28 b alternate_instance
33fabe48 b interface_descriptors
33fabe5c b usbttydev
33fabe90 B usb_strings
33fabe94 B usb_devices
33fabe98 B registered_functions
33fabe9c B registered_devices
33fabea0 b data_buf
33fac6a0 b oob_buf
33fac6e0 b none_oobinfo
33fac7a8 A _end
